2024-06-29 07:50:05 [main] INFO  o.s.t.c.s.AnnotationConfigContextLoaderUtils - Could not detect default configuration classes for test class [com.microservices.base.twitter.to.kafka.service.TwitterToKafkaServiceApplicationTest]: TwitterToKafkaServiceApplicationTest does not declare any static, non-private, non-final, nested classes annotated with @Configuration.
2024-06-29 07:50:05 [main] INFO  o.s.b.t.c.SpringBootTestContextBootstrapper - Found @SpringBootConfiguration com.microservices.base.twitter.to.kafka.service.TwitterToKafkaServiceApplication for test class com.microservices.base.twitter.to.kafka.service.TwitterToKafkaServiceApplicationTest
2024-06-29 07:50:05 [main] INFO  c.m.b.t.t.k.s.TwitterToKafkaServiceApplicationTest - Starting TwitterToKafkaServiceApplicationTest using Java 17.0.10 with PID 1920 (started by 34634 in C:\Users\34634\IdeaProjects\KafkaElasticMicroLesson\microservices-base\twitter-to-kafka-service)
2024-06-29 07:50:05 [main] INFO  c.m.b.t.t.k.s.TwitterToKafkaServiceApplicationTest - No active profile set, falling back to 1 default profile: "default"
2024-06-29 07:50:06 [main] INFO  c.m.b.t.t.k.s.TwitterToKafkaServiceApplicationTest - Started TwitterToKafkaServiceApplicationTest in 1.186 seconds (process running for 3.044)
2024-06-29 07:50:06 [main] INFO  c.m.b.t.t.k.s.TwitterToKafkaServiceApplication - App starting.........
2024-06-29 07:50:06 [main] INFO  c.m.b.t.t.k.s.TwitterToKafkaServiceApplication - [Java, kafka, Spring, Microservices, Elasticsearch]
2024-06-29 07:54:22 [main] INFO  o.s.t.c.s.AnnotationConfigContextLoaderUtils - Could not detect default configuration classes for test class [com.microservices.base.twitter.to.kafka.service.TwitterToKafkaServiceApplicationTest]: TwitterToKafkaServiceApplicationTest does not declare any static, non-private, non-final, nested classes annotated with @Configuration.
2024-06-29 07:54:22 [main] INFO  o.s.b.t.c.SpringBootTestContextBootstrapper - Found @SpringBootConfiguration com.microservices.base.twitter.to.kafka.service.TwitterToKafkaServiceApplication for test class com.microservices.base.twitter.to.kafka.service.TwitterToKafkaServiceApplicationTest
2024-06-29 07:54:23 [main] INFO  c.m.b.t.t.k.s.TwitterToKafkaServiceApplicationTest - Starting TwitterToKafkaServiceApplicationTest using Java 17.0.10 with PID 21348 (started by 34634 in C:\Users\34634\IdeaProjects\KafkaElasticMicroLesson\microservices-base\twitter-to-kafka-service)
2024-06-29 07:54:23 [main] INFO  c.m.b.t.t.k.s.TwitterToKafkaServiceApplicationTest - No active profile set, falling back to 1 default profile: "default"
2024-06-29 07:54:23 [main] INFO  c.m.b.t.t.k.s.TwitterToKafkaServiceApplicationTest - Started TwitterToKafkaServiceApplicationTest in 0.873 seconds (process running for 2.229)
2024-06-29 07:54:23 [main] INFO  c.m.b.t.t.k.s.TwitterToKafkaServiceApplication - App starting.........
2024-06-29 07:54:23 [main] INFO  c.m.b.t.t.k.s.TwitterToKafkaServiceApplication - [Java, kafka, Spring, Microservices, Elasticsearch]
2024-06-29 08:01:50 [main] INFO  o.s.t.c.s.AnnotationConfigContextLoaderUtils - Could not detect default configuration classes for test class [com.microservices.base.twitter.to.kafka.service.TwitterToKafkaServiceApplicationTest]: TwitterToKafkaServiceApplicationTest does not declare any static, non-private, non-final, nested classes annotated with @Configuration.
2024-06-29 08:01:50 [main] INFO  o.s.b.t.c.SpringBootTestContextBootstrapper - Found @SpringBootConfiguration com.microservices.base.twitter.to.kafka.service.TwitterToKafkaServiceApplication for test class com.microservices.base.twitter.to.kafka.service.TwitterToKafkaServiceApplicationTest
2024-06-29 08:01:51 [main] INFO  c.m.b.t.t.k.s.TwitterToKafkaServiceApplicationTest - Starting TwitterToKafkaServiceApplicationTest using Java 17.0.10 with PID 16156 (started by 34634 in C:\Users\34634\IdeaProjects\KafkaElasticMicroLesson\microservices-base\twitter-to-kafka-service)
2024-06-29 08:01:51 [main] INFO  c.m.b.t.t.k.s.TwitterToKafkaServiceApplicationTest - No active profile set, falling back to 1 default profile: "default"
2024-06-29 08:01:51 [main] INFO  c.m.b.t.t.k.s.TwitterToKafkaServiceApplicationTest - Started TwitterToKafkaServiceApplicationTest in 0.768 seconds (process running for 2.016)
2024-06-29 08:01:51 [main] INFO  c.m.b.t.t.k.s.TwitterToKafkaServiceApplication - App starting.........
2024-06-29 08:01:51 [main] INFO  c.m.b.t.t.k.s.TwitterToKafkaServiceApplication - [Java, kafka, Spring, Microservices, Elasticsearch]
2024-06-29 08:36:19 [main] INFO  o.s.t.c.s.AnnotationConfigContextLoaderUtils - Could not detect default configuration classes for test class [com.microservices.base.twitter.to.kafka.service.TwitterToKafkaServiceApplicationTest]: TwitterToKafkaServiceApplicationTest does not declare any static, non-private, non-final, nested classes annotated with @Configuration.
2024-06-29 08:36:19 [main] INFO  o.s.b.t.c.SpringBootTestContextBootstrapper - Found @SpringBootConfiguration com.microservices.base.twitter.to.kafka.service.TwitterToKafkaServiceApplication for test class com.microservices.base.twitter.to.kafka.service.TwitterToKafkaServiceApplicationTest
2024-06-29 08:36:20 [main] INFO  c.m.b.t.t.k.s.TwitterToKafkaServiceApplicationTest - Starting TwitterToKafkaServiceApplicationTest using Java 17.0.10 with PID 11836 (started by 34634 in C:\Users\34634\IdeaProjects\KafkaElasticMicroLesson\microservices-base\twitter-to-kafka-service)
2024-06-29 08:36:20 [main] INFO  c.m.b.t.t.k.s.TwitterToKafkaServiceApplicationTest - No active profile set, falling back to 1 default profile: "default"
2024-06-29 08:36:20 [main] INFO  c.m.b.t.t.k.s.TwitterToKafkaServiceApplicationTest - Started TwitterToKafkaServiceApplicationTest in 0.944 seconds (process running for 2.551)
2024-06-29 08:36:20 [main] INFO  c.m.b.t.t.k.s.TwitterToKafkaServiceApplication - App starting.........
2024-06-29 08:36:20 [main] INFO  c.m.b.t.t.k.s.TwitterToKafkaServiceApplication - [Java, kafka, Spring, Microservices, Elasticsearch]
2024-06-29 08:39:06 [main] INFO  o.s.t.c.s.AnnotationConfigContextLoaderUtils - Could not detect default configuration classes for test class [com.microservices.base.twitter.to.kafka.service.TwitterToKafkaServiceApplicationTest]: TwitterToKafkaServiceApplicationTest does not declare any static, non-private, non-final, nested classes annotated with @Configuration.
2024-06-29 08:39:07 [main] INFO  o.s.b.t.c.SpringBootTestContextBootstrapper - Found @SpringBootConfiguration com.microservices.base.twitter.to.kafka.service.TwitterToKafkaServiceApplication for test class com.microservices.base.twitter.to.kafka.service.TwitterToKafkaServiceApplicationTest
2024-06-29 08:39:07 [main] INFO  c.m.b.t.t.k.s.TwitterToKafkaServiceApplicationTest - Starting TwitterToKafkaServiceApplicationTest using Java 17.0.10 with PID 5940 (started by 34634 in C:\Users\34634\IdeaProjects\KafkaElasticMicroLesson\microservices-base\twitter-to-kafka-service)
2024-06-29 08:39:07 [main] INFO  c.m.b.t.t.k.s.TwitterToKafkaServiceApplicationTest - No active profile set, falling back to 1 default profile: "default"
2024-06-29 08:39:08 [main] INFO  c.m.b.t.t.k.s.TwitterToKafkaServiceApplicationTest - Started TwitterToKafkaServiceApplicationTest in 1.216 seconds (process running for 3.264)
2024-06-29 08:39:08 [main] INFO  c.m.b.t.t.k.s.TwitterToKafkaServiceApplication - App starting.........
2024-06-29 08:39:08 [main] INFO  c.m.b.t.t.k.s.TwitterToKafkaServiceApplication - [Java, kafka, Spring, Microservices, Elasticsearch]
